--------------------------------------------------------------------------------
Release 14.7 Trace  (lin64)
Copyright (c) 1995-2013 Xilinx, Inc.  All rights reserved.

/opt/Xilinx/14.7/ISE_DS/ISE/bin/lin64/unwrapped/trce -intstyle ise -o
mojo_top_0.twr -v 30 -l 30 mojo_top_0_routed.ncd mojo_top_0.pcf

Design file:              mojo_top_0_routed.ncd
Physical constraint file: mojo_top_0.pcf
Device,package,speed:     xc6slx9,tqg144,C,-2 (PRODUCTION 1.23 2013-10-13)
Report level:             verbose report, limited to 30 items per constraint

Environment Variable      Effect 
--------------------      ------ 
NONE                      No environment variables were set
--------------------------------------------------------------------------------

INFO:Timing:2698 - No timing constraints found, doing default enumeration.
INFO:Timing:3412 - To improve timing, see the Timing Closure User Guide (UG612).
INFO:Timing:2752 - To get complete path coverage, use the unconstrained paths 
   option. All paths that are not constrained will be reported in the 
   unconstrained paths section(s) of the report.
INFO:Timing:3339 - The clock-to-out numbers in this timing report are based on 
   a 50 Ohm transmission line loading model.  For the details of this model, 
   and for more information on accounting for different loading conditions, 
   please see the device datasheet.



Data Sheet report:
-----------------
All values displayed in nanoseconds (ns)

Pad to Pad
---------------+---------------+---------+
Source Pad     |Destination Pad|  Delay  |
---------------+---------------+---------+
io_dip[0]      |io_led[0]      |    9.071|
io_dip[0]      |io_led[16]     |   12.379|
io_dip[0]      |io_led[17]     |   12.648|
io_dip[0]      |io_led[18]     |   12.855|
io_dip[0]      |io_led[19]     |   14.074|
io_dip[0]      |io_led[20]     |   12.751|
io_dip[0]      |io_led[21]     |   14.074|
io_dip[0]      |io_led[22]     |   12.870|
io_dip[0]      |io_led[23]     |   14.360|
io_dip[1]      |io_led[1]      |    9.379|
io_dip[1]      |io_led[16]     |   13.792|
io_dip[1]      |io_led[17]     |   12.430|
io_dip[1]      |io_led[18]     |   13.914|
io_dip[1]      |io_led[19]     |   14.598|
io_dip[1]      |io_led[20]     |   14.059|
io_dip[1]      |io_led[21]     |   14.598|
io_dip[1]      |io_led[22]     |   13.546|
io_dip[1]      |io_led[23]     |   14.884|
io_dip[2]      |io_led[2]      |   10.936|
io_dip[2]      |io_led[16]     |   13.600|
io_dip[2]      |io_led[17]     |   13.721|
io_dip[2]      |io_led[18]     |   11.969|
io_dip[2]      |io_led[19]     |   13.609|
io_dip[2]      |io_led[20]     |   13.867|
io_dip[2]      |io_led[21]     |   14.685|
io_dip[2]      |io_led[22]     |   13.150|
io_dip[2]      |io_led[23]     |   14.170|
io_dip[3]      |io_led[3]      |   11.774|
io_dip[3]      |io_led[16]     |   13.940|
io_dip[3]      |io_led[17]     |   13.472|
io_dip[3]      |io_led[18]     |   12.873|
io_dip[3]      |io_led[19]     |   13.552|
io_dip[3]      |io_led[20]     |   13.326|
io_dip[3]      |io_led[21]     |   15.444|
io_dip[3]      |io_led[22]     |   13.391|
io_dip[3]      |io_led[23]     |   14.929|
io_dip[4]      |io_led[4]      |   11.434|
io_dip[4]      |io_led[16]     |   13.325|
io_dip[4]      |io_led[17]     |   13.291|
io_dip[4]      |io_led[18]     |   13.105|
io_dip[4]      |io_led[19]     |   13.617|
io_dip[4]      |io_led[20]     |   13.885|
io_dip[4]      |io_led[21]     |   14.471|
io_dip[4]      |io_led[22]     |   12.905|
io_dip[4]      |io_led[23]     |   14.016|
io_dip[5]      |io_led[5]      |   10.510|
io_dip[5]      |io_led[16]     |   14.458|
io_dip[5]      |io_led[17]     |   14.031|
io_dip[5]      |io_led[18]     |   13.937|
io_dip[5]      |io_led[19]     |   14.449|
io_dip[5]      |io_led[20]     |   14.491|
io_dip[5]      |io_led[21]     |   13.230|
io_dip[5]      |io_led[22]     |   13.895|
io_dip[5]      |io_led[23]     |   15.329|
io_dip[6]      |io_led[6]      |   10.668|
io_dip[6]      |io_led[16]     |   14.174|
io_dip[6]      |io_led[17]     |   13.512|
io_dip[6]      |io_led[18]     |   13.737|
io_dip[6]      |io_led[19]     |   13.653|
io_dip[6]      |io_led[20]     |   14.277|
io_dip[6]      |io_led[21]     |   14.286|
io_dip[6]      |io_led[22]     |   13.174|
io_dip[6]      |io_led[23]     |   14.416|
io_dip[7]      |io_led[7]      |   10.917|
io_dip[7]      |io_led[16]     |   14.029|
io_dip[7]      |io_led[17]     |   14.892|
io_dip[7]      |io_led[18]     |   14.693|
io_dip[7]      |io_led[19]     |   15.668|
io_dip[7]      |io_led[20]     |   15.951|
io_dip[7]      |io_led[21]     |   15.511|
io_dip[7]      |io_led[22]     |   15.478|
io_dip[7]      |io_led[23]     |   15.214|
io_dip[8]      |io_led[8]      |   12.082|
io_dip[8]      |io_led[16]     |   14.143|
io_dip[8]      |io_led[17]     |   14.108|
io_dip[8]      |io_led[18]     |   14.314|
io_dip[8]      |io_led[19]     |   15.055|
io_dip[8]      |io_led[20]     |   15.338|
io_dip[8]      |io_led[21]     |   15.284|
io_dip[8]      |io_led[22]     |   14.272|
io_dip[8]      |io_led[23]     |   15.137|
io_dip[9]      |io_led[9]      |   11.718|
io_dip[9]      |io_led[16]     |   13.729|
io_dip[9]      |io_led[17]     |   13.958|
io_dip[9]      |io_led[18]     |   14.164|
io_dip[9]      |io_led[19]     |   14.905|
io_dip[9]      |io_led[20]     |   15.188|
io_dip[9]      |io_led[21]     |   14.272|
io_dip[9]      |io_led[22]     |   14.122|
io_dip[9]      |io_led[23]     |   14.839|
io_dip[10]     |io_led[10]     |   12.001|
io_dip[10]     |io_led[16]     |   13.345|
io_dip[10]     |io_led[17]     |   13.666|
io_dip[10]     |io_led[18]     |   13.780|
io_dip[10]     |io_led[19]     |   14.521|
io_dip[10]     |io_led[20]     |   14.804|
io_dip[10]     |io_led[21]     |   14.402|
io_dip[10]     |io_led[22]     |   14.226|
io_dip[10]     |io_led[23]     |   14.869|
io_dip[11]     |io_led[11]     |   10.550|
io_dip[11]     |io_led[16]     |   13.133|
io_dip[11]     |io_led[17]     |   13.256|
io_dip[11]     |io_led[18]     |   13.356|
io_dip[11]     |io_led[19]     |   14.119|
io_dip[11]     |io_led[20]     |   14.402|
io_dip[11]     |io_led[21]     |   13.962|
io_dip[11]     |io_led[22]     |   13.929|
io_dip[11]     |io_led[23]     |   14.056|
io_dip[12]     |io_led[12]     |   10.751|
io_dip[12]     |io_led[16]     |   13.513|
io_dip[12]     |io_led[17]     |   13.742|
io_dip[12]     |io_led[18]     |   13.948|
io_dip[12]     |io_led[19]     |   14.689|
io_dip[12]     |io_led[20]     |   14.972|
io_dip[12]     |io_led[21]     |   14.389|
io_dip[12]     |io_led[22]     |   14.356|
io_dip[12]     |io_led[23]     |   14.195|
io_dip[13]     |io_led[13]     |   10.577|
io_dip[14]     |io_led[14]     |    9.914|
io_dip[15]     |io_led[15]     |   10.819|
io_dip[16]     |io_led[16]     |   14.530|
io_dip[16]     |io_led[17]     |   15.355|
io_dip[16]     |io_led[18]     |   15.169|
io_dip[16]     |io_led[19]     |   16.197|
io_dip[16]     |io_led[20]     |   16.480|
io_dip[16]     |io_led[21]     |   16.040|
io_dip[16]     |io_led[22]     |   16.007|
io_dip[16]     |io_led[23]     |   14.484|
io_dip[17]     |io_led[16]     |   14.630|
io_dip[17]     |io_led[17]     |   15.483|
io_dip[17]     |io_led[18]     |   15.493|
io_dip[17]     |io_led[19]     |   15.876|
io_dip[17]     |io_led[20]     |   16.159|
io_dip[17]     |io_led[21]     |   15.719|
io_dip[17]     |io_led[22]     |   15.896|
io_dip[17]     |io_led[23]     |   14.387|
---------------+---------------+---------+


Analysis completed Tue Oct 17 21:32:51 2017 
--------------------------------------------------------------------------------

Trace Settings:
-------------------------
Trace Settings 

Peak Memory Usage: 382 MB



